Bui Quang D - ĐTB: 4.0
Hoang Thu D - ĐTB: 5.3
Bui Huu D - ĐTB: 5.3
Tran Huu A - ĐTB: 5.0
Bui Huu C - ĐTB: 8.7
Tran Van G - ĐTB: 4.7
Pham Huu A - ĐTB: 6.3
