Họ tên: Tran Van G | Tuổi: 18 | Lớp: 11B1
Họ tên: Le Hong C | Tuổi: 17 | Lớp: 12A1
Họ tên: Pham Quang B | Tuổi: 20 | Lớp: 11B2
Họ tên: Le Hong F | Tuổi: 19 | Lớp: 12A2
Họ tên: Tran Hong F | Tuổi: 20 | Lớp: 11B2
Họ tên: Tran Huu E | Tuổi: 18 | Lớp: 12A1
