HoTen,DTB
Hoang Huu A,8.0
Pham Van B,5.7
Pham Huu C,3.3
Do Quang G,1.7
Bui Quang C,5.7
Le Minh F,5.0
Nguyen Thu F,5.7
Pham Hong B,4.3
