HoTen,DTB
Pham Hong A,5.7
Tran Quang F,7.0
Do Huu F,6.3
Pham Van B,2.7
Do Quang C,6.3
Le Huu C,5.0
Tran Minh D,6.7
Nguyen Quang E,7.7
