Họ tên: Tran Minh D | Tuổi: 19 | Lớp: 12A2
Họ tên: Nguyen Huu A | Tuổi: 20 | Lớp: 12A3
Họ tên: Pham Huu B | Tuổi: 17 | Lớp: 11B2
Họ tên: Hoang Thu B | Tuổi: 18 | Lớp: 12A3
