Ten,Tuoi,KinhNghiem,KyNang
Dang Quang H,34,2,Lập trình Python
Dang Bao B,22,5,Lập trình Web
Nguyen Quang K,29,4,Lập trình Web
Nguyen Hong K,20,5,Lập trình Python
