HoTen,Toan,Ly,Hoa,DTB
Pham Thi D,10.0,8.0,10.0,9.3
Le Huu B,10.0,10.0,10.0,10.0
