HoTen,Toan,Ly,Hoa,DTB
Do Thi C,10.0,9.0,9.0,9.3
Nguyen Van D,10.0,10.0,10.0,10.0
Nguyen Van G,9.0,9.0,10.0,9.3
Hoang Thu E,9.0,9.0,7.0,8.3
Le Minh C,10.0,7.0,9.0,8.7
