HoTen,Toan,Ly,Hoa,DTB
Hoang Huu E,7.0,9.0,9.0,8.3
