Tran Minh F - ĐTB: 6.0
Do Thi B - ĐTB: 8.0
Do Thi E - ĐTB: 7.3
Pham Minh D - ĐTB: 3.7
Nguyen Quang D - ĐTB: 7.3
