Họ tên: Bui Hong A | Tuổi: 18 | Lớp: 12A1
Họ tên: Do Van E | Tuổi: 16 | Lớp: 12A3
Họ tên: Hoang Minh F | Tuổi: 16 | Lớp: 12A1
Họ tên: Bui Van F | Tuổi: 16 | Lớp: 12A1
Họ tên: Do Thi C | Tuổi: 17 | Lớp: 11B2
Họ tên: Pham Thi F | Tuổi: 20 | Lớp: 12A2
Họ tên: Le Thu B | Tuổi: 17 | Lớp: 12A3
Họ tên: Tran Quang G | Tuổi: 20 | Lớp: 11B1
