Hoang Huu A - ĐTB: 8.0
Pham Van B - ĐTB: 5.7
Pham Huu C - ĐTB: 3.3
Do Quang G - ĐTB: 1.7
Bui Quang C - ĐTB: 5.7
Le Minh F - ĐTB: 5.0
Nguyen Thu F - ĐTB: 5.7
Pham Hong B - ĐTB: 4.3
