Họ tên: Tran Thi G | Tuổi: 20 | Lớp: 12A3
Họ tên: Do Hong E | Tuổi: 17 | Lớp: 12A1
Họ tên: Do Van B | Tuổi: 17 | Lớp: 12A3
Họ tên: Pham Hong D | Tuổi: 19 | Lớp: 12A1
Họ tên: Le Huu G | Tuổi: 19 | Lớp: 12A1
Họ tên: Le Quang A | Tuổi: 20 | Lớp: 12A1
Họ tên: Bui Huu F | Tuổi: 18 | Lớp: 12A2
