Bui Van F - ĐTB: 6.0
Bui Van B - ĐTB: 4.0
Pham Huu C - ĐTB: 4.0
