Pham Hong A - ĐTB: 5.7
Tran Quang F - ĐTB: 7.0
Do Huu F - ĐTB: 6.3
Pham Van B - ĐTB: 2.7
Do Quang C - ĐTB: 6.3
Le Huu C - ĐTB: 5.0
Tran Minh D - ĐTB: 6.7
Nguyen Quang E - ĐTB: 7.7
