Bui Thu D - ĐTB: 8.0
Pham Minh A - ĐTB: 7.7
Tran Hong D - ĐTB: 4.7
Le Huu B - ĐTB: 5.0
Tran Van F - ĐTB: 4.0
