Tran Hong G - ĐTB: 5.0
Pham Minh F - ĐTB: 3.0
Nguyen Van E - ĐTB: 5.0
Tran Minh G - ĐTB: 5.0
Tran Quang A - ĐTB: 6.3
Tran Quang C - ĐTB: 6.7
Le Quang B - ĐTB: 7.3
