Tran Thu G - ĐTB: 3.0
Do Huu B - ĐTB: 5.0
Hoang Quang E - ĐTB: 4.7
