Do Thi C - ĐTB: 1.3
Nguyen Minh G - ĐTB: 8.0
Nguyen Huu G - ĐTB: 6.3
Nguyen Van E - ĐTB: 5.3
Nguyen Thu F - ĐTB: 6.7
