Le Thi G - ĐTB: 7.0
Hoang Quang A - ĐTB: 5.3
Hoang Thu A - ĐTB: 4.3
Hoang Quang G - ĐTB: 2.3
Le Van F - ĐTB: 1.0
